	
		Bookmarks Menu
			Recent Tags - place:type=6&sort=14&maxResults=10
			----
			Mozilla Firefox
				Help and Tutorials - https://www.mozilla.org/en-US/firefox/help/
				Help and Tutorials - https://www.mozilla.org/en-US/firefox/help/
				Customize Firefox - https://www.mozilla.org/en-US/firefox/customize/
				Get Involved - https://www.mozilla.org/en-US/contribute/
		Bookmarks Toolbar
			Most Visited - place:sort=8&maxResults=10
			Help and Tutorials - https://www.mozilla.org/en-US/firefox/help/
		Other Bookmarks
			Help and Tutorials - https://www.mozilla.org/en-US/firefox/help/
			Mozilla Firefox Double Folder
			Mozilla Firefox Double Folder
				Firefox - https://www.mozilla.org/en-US/firefox
